Initialized native services in: C:\Users\User\.gradle\native
Initialized jansi services in: C:\Users\User\.gradle\native
Received JVM installation metadata from 'C:\Program Files\Java\jdk-21': {JAVA_HOME=C:\Program Files\Java\jdk-21, JAVA_VERSION=21.0.4, JAVA_VENDOR=Oracle Corporation, RUNTIME_NAME=Java(TM) SE Runtime Environment, RUNTIME_VERSION=21.0.4+8-LTS-274, VM_NAME=Java HotSpot(TM) 64-Bit Server VM, VM_VERSION=21.0.4+8-LTS-274, VM_VENDOR=Oracle Corporation, OS_ARCH=amd64}
Found daemon DaemonInfo{pid=27856, address=[d5cf1570-9914-45dc-af95-50e93d942dd5 port:61204, addresses:[/127.0.0.1]], state=Idle, lastBusy=1751246532916, context=DefaultDaemonContext[uid=a8c345b1-faf5-4b6b-8c3f-870f28488e04,javaHome=C:\Users\User\.cursor\extensions\redhat.java-1.43.0-win32-x64\jre\21.0.7-win32-x86_64,javaVersion=21,daemonRegistryDir=C:\Users\User\.gradle\daemon,pid=27856,idleTimeout=10800000,priority=NORMAL,applyInstrumentationAgent=true,nativeServicesMode=ENABLED,daemonOpts=--add-opens=java.base/java.util=ALL-UNNAMED,--add-opens=java.base/java.lang=ALL-UNNAMED,--add-opens=java.base/java.lang.invoke=ALL-UNNAMED,--add-opens=java.prefs/java.util.prefs=ALL-UNNAMED,--add-opens=java.base/java.nio.charset=ALL-UNNAMED,--add-opens=java.base/java.net=ALL-UNNAMED,--add-opens=java.base/java.util.concurrent.atomic=ALL-UNNAMED,-XX:MaxMetaspaceSize=384m,-XX:+HeapDumpOnOutOfMemoryError,-Xms256m,-Xmx512m,-Dfile.encoding=UTF-8,-Duser.country=RU,-Duser.language=ru,-Duser.variant]} however its context does not match the desired criteria.
JVM is incompatible.
Wanted: DaemonRequestContext{requestedJvm=21.0.4 (Oracle Corporation 21.0.4+8-LTS-274), jvmCriteria=null, daemonOpts=[--add-opens=java.base/java.util=ALL-UNNAMED, --add-opens=java.base/java.lang=ALL-UNNAMED, --add-opens=java.base/java.lang.invoke=ALL-UNNAMED, --add-opens=java.prefs/java.util.prefs=ALL-UNNAMED, --add-opens=java.base/java.nio.charset=ALL-UNNAMED, --add-opens=java.base/java.net=ALL-UNNAMED, --add-opens=java.base/java.util.concurrent.atomic=ALL-UNNAMED, -Xmx2G, -Dfile.encoding=UTF-8, -Duser.country=RU, -Duser.language=ru, -Duser.variant], applyInstrumentationAgent=true, nativeServicesMode=ENABLED, priority=NORMAL}
Actual: DefaultDaemonContext[uid=a8c345b1-faf5-4b6b-8c3f-870f28488e04,javaHome=C:\Users\User\.cursor\extensions\redhat.java-1.43.0-win32-x64\jre\21.0.7-win32-x86_64,javaVersion=21,daemonRegistryDir=C:\Users\User\.gradle\daemon,pid=27856,idleTimeout=10800000,priority=NORMAL,applyInstrumentationAgent=true,nativeServicesMode=ENABLED,daemonOpts=--add-opens=java.base/java.util=ALL-UNNAMED,--add-opens=java.base/java.lang=ALL-UNNAMED,--add-opens=java.base/java.lang.invoke=ALL-UNNAMED,--add-opens=java.prefs/java.util.prefs=ALL-UNNAMED,--add-opens=java.base/java.nio.charset=ALL-UNNAMED,--add-opens=java.base/java.net=ALL-UNNAMED,--add-opens=java.base/java.util.concurrent.atomic=ALL-UNNAMED,-XX:MaxMetaspaceSize=384m,-XX:+HeapDumpOnOutOfMemoryError,-Xms256m,-Xmx512m,-Dfile.encoding=UTF-8,-Duser.country=RU,-Duser.language=ru,-Duser.variant]

  Looking for a different daemon...
Found daemon DaemonInfo{pid=22568, address=[3b64c9e9-945c-4472-aba2-06cddb7487fa port:50423, addresses:[/127.0.0.1]], state=Idle, lastBusy=1752131571797, context=DefaultDaemonContext[uid=cab48328-27a8-4264-9fe9-502c440d177a,javaHome=C:\Program Files\Java\jdk-21,javaVersion=21,daemonRegistryDir=C:\Users\User\.gradle\daemon,pid=22568,idleTimeout=10800000,priority=NORMAL,applyInstrumentationAgent=true,nativeServicesMode=ENABLED,daemonOpts=--add-opens=java.base/java.util=ALL-UNNAMED,--add-opens=java.base/java.lang=ALL-UNNAMED,--add-opens=java.base/java.lang.invoke=ALL-UNNAMED,--add-opens=java.prefs/java.util.prefs=ALL-UNNAMED,--add-opens=java.base/java.nio.charset=ALL-UNNAMED,--add-opens=java.base/java.net=ALL-UNNAMED,--add-opens=java.base/java.util.concurrent.atomic=ALL-UNNAMED,-XX:MaxMetaspaceSize=384m,-XX:+HeapDumpOnOutOfMemoryError,-Xms256m,-Xmx512m,-Dfile.encoding=UTF-8,-Duser.country=RU,-Duser.language=ru,-Duser.variant]} however its context does not match the desired criteria.
At least one daemon option is different.
Wanted: DaemonRequestContext{requestedJvm=21.0.4 (Oracle Corporation 21.0.4+8-LTS-274), jvmCriteria=null, daemonOpts=[--add-opens=java.base/java.util=ALL-UNNAMED, --add-opens=java.base/java.lang=ALL-UNNAMED, --add-opens=java.base/java.lang.invoke=ALL-UNNAMED, --add-opens=java.prefs/java.util.prefs=ALL-UNNAMED, --add-opens=java.base/java.nio.charset=ALL-UNNAMED, --add-opens=java.base/java.net=ALL-UNNAMED, --add-opens=java.base/java.util.concurrent.atomic=ALL-UNNAMED, -Xmx2G, -Dfile.encoding=UTF-8, -Duser.country=RU, -Duser.language=ru, -Duser.variant], applyInstrumentationAgent=true, nativeServicesMode=ENABLED, priority=NORMAL}
Actual: DefaultDaemonContext[uid=cab48328-27a8-4264-9fe9-502c440d177a,javaHome=C:\Program Files\Java\jdk-21,javaVersion=21,daemonRegistryDir=C:\Users\User\.gradle\daemon,pid=22568,idleTimeout=10800000,priority=NORMAL,applyInstrumentationAgent=true,nativeServicesMode=ENABLED,daemonOpts=--add-opens=java.base/java.util=ALL-UNNAMED,--add-opens=java.base/java.lang=ALL-UNNAMED,--add-opens=java.base/java.lang.invoke=ALL-UNNAMED,--add-opens=java.prefs/java.util.prefs=ALL-UNNAMED,--add-opens=java.base/java.nio.charset=ALL-UNNAMED,--add-opens=java.base/java.net=ALL-UNNAMED,--add-opens=java.base/java.util.concurrent.atomic=ALL-UNNAMED,-XX:MaxMetaspaceSize=384m,-XX:+HeapDumpOnOutOfMemoryError,-Xms256m,-Xmx512m,-Dfile.encoding=UTF-8,-Duser.country=RU,-Duser.language=ru,-Duser.variant]

  Looking for a different daemon...
Found daemon DaemonInfo{pid=4548, address=[38841482-020f-4a4d-8627-8e3d8a3765d9 port:60296, addresses:[/127.0.0.1]], state=Idle, lastBusy=1752324738203, context=DefaultDaemonContext[uid=4554436f-92d0-45cb-a175-34451d9402c4,javaHome=C:\Program Files\Java\jdk-21,javaVersion=21,daemonRegistryDir=C:\Users\User\.gradle\daemon,pid=4548,idleTimeout=10800000,priority=NORMAL,applyInstrumentationAgent=true,nativeServicesMode=ENABLED,daemonOpts=--add-opens=java.base/java.util=ALL-UNNAMED,--add-opens=java.base/java.lang=ALL-UNNAMED,--add-opens=java.base/java.lang.invoke=ALL-UNNAMED,--add-opens=java.prefs/java.util.prefs=ALL-UNNAMED,--add-opens=java.base/java.nio.charset=ALL-UNNAMED,--add-opens=java.base/java.net=ALL-UNNAMED,--add-opens=java.base/java.util.concurrent.atomic=ALL-UNNAMED,-Dfile.encoding=UTF-8,-Duser.country=RU,-Duser.language=ru,-Duser.variant]} however its context does not match the desired criteria.
At least one daemon option is different.
Wanted: DaemonRequestContext{requestedJvm=21.0.4 (Oracle Corporation 21.0.4+8-LTS-274), jvmCriteria=null, daemonOpts=[--add-opens=java.base/java.util=ALL-UNNAMED, --add-opens=java.base/java.lang=ALL-UNNAMED, --add-opens=java.base/java.lang.invoke=ALL-UNNAMED, --add-opens=java.prefs/java.util.prefs=ALL-UNNAMED, --add-opens=java.base/java.nio.charset=ALL-UNNAMED, --add-opens=java.base/java.net=ALL-UNNAMED, --add-opens=java.base/java.util.concurrent.atomic=ALL-UNNAMED, -Xmx2G, -Dfile.encoding=UTF-8, -Duser.country=RU, -Duser.language=ru, -Duser.variant], applyInstrumentationAgent=true, nativeServicesMode=ENABLED, priority=NORMAL}
Actual: DefaultDaemonContext[uid=4554436f-92d0-45cb-a175-34451d9402c4,javaHome=C:\Program Files\Java\jdk-21,javaVersion=21,daemonRegistryDir=C:\Users\User\.gradle\daemon,pid=4548,idleTimeout=10800000,priority=NORMAL,applyInstrumentationAgent=true,nativeServicesMode=ENABLED,daemonOpts=--add-opens=java.base/java.util=ALL-UNNAMED,--add-opens=java.base/java.lang=ALL-UNNAMED,--add-opens=java.base/java.lang.invoke=ALL-UNNAMED,--add-opens=java.prefs/java.util.prefs=ALL-UNNAMED,--add-opens=java.base/java.nio.charset=ALL-UNNAMED,--add-opens=java.base/java.net=ALL-UNNAMED,--add-opens=java.base/java.util.concurrent.atomic=ALL-UNNAMED,-Dfile.encoding=UTF-8,-Duser.country=RU,-Duser.language=ru,-Duser.variant]

  Looking for a different daemon...
The client will now receive all logging from the daemon (pid: 17164). The daemon log file: C:\Users\User\.gradle\daemon\8.8\daemon-17164.out.log
Starting 2nd build in daemon [uptime: 3 mins 46.223 secs, performance: 100%, GC rate: 0.01/s, heap usage: 2% of 2 GiB]
Using 8 worker leases.
Now considering [C:\Artem\java\UnknownMod] as hierarchies to watch
Watching the file system is configured to be enabled if available
File system watching is active
Starting Build
Settings evaluated using settings file 'C:\Artem\java\UnknownMod\settings.gradle'.
Projects loaded. Root project using build file 'C:\Artem\java\UnknownMod\build.gradle'.
Included projects: [root project 'unknownmod']

> Configure project :
Evaluating root project 'unknownmod' using build file 'C:\Artem\java\UnknownMod\build.gradle'.
Transforming fabric-loom-1.7-SNAPSHOT.jar (net.fabricmc:fabric-loom:1.7-SNAPSHOT:20240908.095304-4) with InstrumentationAnalysisTransform
Transforming commons-io-2.15.1.jar (commons-io:commons-io:2.15.1) with InstrumentationAnalysisTransform
Transforming gson-2.10.1.jar (com.google.code.gson:gson:2.10.1) with InstrumentationAnalysisTransform
Transforming stitch-0.6.2.jar (net.fabricmc:stitch:0.6.2) with InstrumentationAnalysisTransform
Transforming guava-33.0.0-jre.jar (com.google.guava:guava:33.0.0-jre) with InstrumentationAnalysisTransform
Transforming tiny-remapper-0.10.3.jar (net.fabricmc:tiny-remapper:0.10.3) with InstrumentationAnalysisTransform
Transforming asm-commons-9.6.jar (org.ow2.asm:asm-commons:9.6) with InstrumentationAnalysisTransform
Transforming asm-util-9.6.jar (org.ow2.asm:asm-util:9.6) with InstrumentationAnalysisTransform
Transforming asm-analysis-9.6.jar (org.ow2.asm:asm-analysis:9.6) with InstrumentationAnalysisTransform
Transforming asm-tree-9.6.jar (org.ow2.asm:asm-tree:9.6) with InstrumentationAnalysisTransform
Transforming asm-9.6.jar (org.ow2.asm:asm:9.6) with InstrumentationAnalysisTransform
Transforming access-widener-2.1.0.jar (net.fabricmc:access-widener:2.1.0) with InstrumentationAnalysisTransform
Transforming mapping-io-0.6.1.jar (net.fabricmc:mapping-io:0.6.1) with InstrumentationAnalysisTransform
Transforming lorenz-tiny-4.0.2.jar (net.fabricmc:lorenz-tiny:4.0.2) with InstrumentationAnalysisTransform
Transforming fabric-loom-native-0.2.0.jar (net.fabricmc:fabric-loom-native:0.2.0) with InstrumentationAnalysisTransform
Transforming mercury-0.4.1.jar (net.fabricmc:mercury:0.4.1) with InstrumentationAnalysisTransform
Transforming kotlinx-metadata-jvm-0.9.0.jar (org.jetbrains.kotlinx:kotlinx-metadata-jvm:0.9.0) with InstrumentationAnalysisTransform
Transforming failureaccess-1.0.2.jar (com.google.guava:failureaccess:1.0.2) with InstrumentationAnalysisTransform
Transforming listenablefuture-9999.0-empty-to-avoid-conflict-with-guava.jar (com.google.guava:listenablefuture:9999.0-empty-to-avoid-conflict-with-guava) with InstrumentationAnalysisTransform
Transforming jsr305-3.0.2.jar (com.google.code.findbugs:jsr305:3.0.2) with InstrumentationAnalysisTransform
Transforming checker-qual-3.41.0.jar (org.checkerframework:checker-qual:3.41.0) with InstrumentationAnalysisTransform
Transforming error_prone_annotations-2.23.0.jar (com.google.errorprone:error_prone_annotations:2.23.0) with InstrumentationAnalysisTransform
Transforming tiny-mappings-parser-0.3.0+build.17.jar (net.fabricmc:tiny-mappings-parser:0.3.0+build.17) with InstrumentationAnalysisTransform
Transforming at-0.1.0-rc1.jar (org.cadixdev:at:0.1.0-rc1) with InstrumentationAnalysisTransform
Transforming lorenz-0.5.7.jar (org.cadixdev:lorenz:0.5.7) with InstrumentationAnalysisTransform
Transforming bombe-0.3.4.jar (org.cadixdev:bombe:0.3.4) with InstrumentationAnalysisTransform
Transforming fabric-loom-1.7-SNAPSHOT.jar (net.fabricmc:fabric-loom:1.7-SNAPSHOT:20240908.095304-4) with InstrumentationAnalysisTransform
Transforming fabric-loom-1.7-SNAPSHOT.jar (net.fabricmc:fabric-loom:1.7-SNAPSHOT:20240908.095304-4) with MergeInstrumentationAnalysisTransform
Transforming commons-io-2.15.1.jar (commons-io:commons-io:2.15.1) with InstrumentationAnalysisTransform
Transforming commons-io-2.15.1.jar (commons-io:commons-io:2.15.1) with MergeInstrumentationAnalysisTransform
Transforming gson-2.10.1.jar (com.google.code.gson:gson:2.10.1) with InstrumentationAnalysisTransform
Transforming gson-2.10.1.jar (com.google.code.gson:gson:2.10.1) with MergeInstrumentationAnalysisTransform
Transforming stitch-0.6.2.jar (net.fabricmc:stitch:0.6.2) with InstrumentationAnalysisTransform
Transforming stitch-0.6.2.jar (net.fabricmc:stitch:0.6.2) with MergeInstrumentationAnalysisTransform
Transforming guava-33.0.0-jre.jar (com.google.guava:guava:33.0.0-jre) with InstrumentationAnalysisTransform
Transforming guava-33.0.0-jre.jar (com.google.guava:guava:33.0.0-jre) with MergeInstrumentationAnalysisTransform
Transforming tiny-remapper-0.10.3.jar (net.fabricmc:tiny-remapper:0.10.3) with InstrumentationAnalysisTransform
Transforming tiny-remapper-0.10.3.jar (net.fabricmc:tiny-remapper:0.10.3) with MergeInstrumentationAnalysisTransform
Transforming asm-commons-9.6.jar (org.ow2.asm:asm-commons:9.6) with InstrumentationAnalysisTransform
Transforming asm-commons-9.6.jar (org.ow2.asm:asm-commons:9.6) with MergeInstrumentationAnalysisTransform
Transforming asm-util-9.6.jar (org.ow2.asm:asm-util:9.6) with InstrumentationAnalysisTransform
Transforming asm-util-9.6.jar (org.ow2.asm:asm-util:9.6) with MergeInstrumentationAnalysisTransform
Transforming asm-analysis-9.6.jar (org.ow2.asm:asm-analysis:9.6) with InstrumentationAnalysisTransform
Transforming fabric-loom-1.7-SNAPSHOT.jar (net.fabricmc:fabric-loom:1.7-SNAPSHOT:20240908.095304-4) with ExternalDependencyInstrumentingArtifactTransform
Transforming commons-io-2.15.1.jar (commons-io:commons-io:2.15.1) with ExternalDependencyInstrumentingArtifactTransform
Transforming gson-2.10.1.jar (com.google.code.gson:gson:2.10.1) with ExternalDependencyInstrumentingArtifactTransform
Transforming stitch-0.6.2.jar (net.fabricmc:stitch:0.6.2) with ExternalDependencyInstrumentingArtifactTransform
Transforming guava-33.0.0-jre.jar (com.google.guava:guava:33.0.0-jre) with ExternalDependencyInstrumentingArtifactTransform
Transforming tiny-remapper-0.10.3.jar (net.fabricmc:tiny-remapper:0.10.3) with ExternalDependencyInstrumentingArtifactTransform
Transforming asm-commons-9.6.jar (org.ow2.asm:asm-commons:9.6) with ExternalDependencyInstrumentingArtifactTransform
Transforming asm-util-9.6.jar (org.ow2.asm:asm-util:9.6) with ExternalDependencyInstrumentingArtifactTransform
Transforming asm-analysis-9.6.jar (org.ow2.asm:asm-analysis:9.6) with MergeInstrumentationAnalysisTransform
Transforming asm-tree-9.6.jar (org.ow2.asm:asm-tree:9.6) with InstrumentationAnalysisTransform
Transforming asm-tree-9.6.jar (org.ow2.asm:asm-tree:9.6) with MergeInstrumentationAnalysisTransform
Transforming asm-9.6.jar (org.ow2.asm:asm:9.6) with InstrumentationAnalysisTransform
Transforming asm-9.6.jar (org.ow2.asm:asm:9.6) with MergeInstrumentationAnalysisTransform
Transforming access-widener-2.1.0.jar (net.fabricmc:access-widener:2.1.0) with InstrumentationAnalysisTransform
Transforming access-widener-2.1.0.jar (net.fabricmc:access-widener:2.1.0) with MergeInstrumentationAnalysisTransform
Transforming mapping-io-0.6.1.jar (net.fabricmc:mapping-io:0.6.1) with InstrumentationAnalysisTransform
Transforming asm-9.6.jar (org.ow2.asm:asm:9.6) with ExternalDependencyInstrumentingArtifactTransform
Transforming asm-tree-9.6.jar (org.ow2.asm:asm-tree:9.6) with ExternalDependencyInstrumentingArtifactTransform
Transforming access-widener-2.1.0.jar (net.fabricmc:access-widener:2.1.0) with ExternalDependencyInstrumentingArtifactTransform
Transforming asm-analysis-9.6.jar (org.ow2.asm:asm-analysis:9.6) with ExternalDependencyInstrumentingArtifactTransform
Transforming mapping-io-0.6.1.jar (net.fabricmc:mapping-io:0.6.1) with MergeInstrumentationAnalysisTransform
Transforming lorenz-tiny-4.0.2.jar (net.fabricmc:lorenz-tiny:4.0.2) with InstrumentationAnalysisTransform
Transforming lorenz-tiny-4.0.2.jar (net.fabricmc:lorenz-tiny:4.0.2) with MergeInstrumentationAnalysisTransform
Transforming fabric-loom-native-0.2.0.jar (net.fabricmc:fabric-loom-native:0.2.0) with InstrumentationAnalysisTransform
Transforming fabric-loom-native-0.2.0.jar (net.fabricmc:fabric-loom-native:0.2.0) with MergeInstrumentationAnalysisTransform
Transforming mercury-0.4.1.jar (net.fabricmc:mercury:0.4.1) with InstrumentationAnalysisTransform
Transforming mercury-0.4.1.jar (net.fabricmc:mercury:0.4.1) with MergeInstrumentationAnalysisTransform
Transforming kotlinx-metadata-jvm-0.9.0.jar (org.jetbrains.kotlinx:kotlinx-metadata-jvm:0.9.0) with InstrumentationAnalysisTransform
Transforming kotlinx-metadata-jvm-0.9.0.jar (org.jetbrains.kotlinx:kotlinx-metadata-jvm:0.9.0) with MergeInstrumentationAnalysisTransform
Transforming failureaccess-1.0.2.jar (com.google.guava:failureaccess:1.0.2) with InstrumentationAnalysisTransform
Transforming failureaccess-1.0.2.jar (com.google.guava:failureaccess:1.0.2) with MergeInstrumentationAnalysisTransform
Transforming mapping-io-0.6.1.jar (net.fabricmc:mapping-io:0.6.1) with ExternalDependencyInstrumentingArtifactTransform
Transforming mercury-0.4.1.jar (net.fabricmc:mercury:0.4.1) with ExternalDependencyInstrumentingArtifactTransform
Transforming kotlinx-metadata-jvm-0.9.0.jar (org.jetbrains.kotlinx:kotlinx-metadata-jvm:0.9.0) with ExternalDependencyInstrumentingArtifactTransform
Transforming failureaccess-1.0.2.jar (com.google.guava:failureaccess:1.0.2) with ExternalDependencyInstrumentingArtifactTransform
Transforming listenablefuture-9999.0-empty-to-avoid-conflict-with-guava.jar (com.google.guava:listenablefuture:9999.0-empty-to-avoid-conflict-with-guava) with InstrumentationAnalysisTransform
Transforming listenablefuture-9999.0-empty-to-avoid-conflict-with-guava.jar (com.google.guava:listenablefuture:9999.0-empty-to-avoid-conflict-with-guava) with MergeInstrumentationAnalysisTransform
Transforming jsr305-3.0.2.jar (com.google.code.findbugs:jsr305:3.0.2) with InstrumentationAnalysisTransform
Transforming jsr305-3.0.2.jar (com.google.code.findbugs:jsr305:3.0.2) with MergeInstrumentationAnalysisTransform
Transforming checker-qual-3.41.0.jar (org.checkerframework:checker-qual:3.41.0) with InstrumentationAnalysisTransform
Transforming checker-qual-3.41.0.jar (org.checkerframework:checker-qual:3.41.0) with MergeInstrumentationAnalysisTransform
Transforming error_prone_annotations-2.23.0.jar (com.google.errorprone:error_prone_annotations:2.23.0) with InstrumentationAnalysisTransform
Transforming error_prone_annotations-2.23.0.jar (com.google.errorprone:error_prone_annotations:2.23.0) with MergeInstrumentationAnalysisTransform
Transforming tiny-mappings-parser-0.3.0+build.17.jar (net.fabricmc:tiny-mappings-parser:0.3.0+build.17) with InstrumentationAnalysisTransform
Transforming tiny-mappings-parser-0.3.0+build.17.jar (net.fabricmc:tiny-mappings-parser:0.3.0+build.17) with MergeInstrumentationAnalysisTransform
Transforming at-0.1.0-rc1.jar (org.cadixdev:at:0.1.0-rc1) with InstrumentationAnalysisTransform
Transforming at-0.1.0-rc1.jar (org.cadixdev:at:0.1.0-rc1) with MergeInstrumentationAnalysisTransform
Transforming lorenz-0.5.7.jar (org.cadixdev:lorenz:0.5.7) with InstrumentationAnalysisTransform
Transforming lorenz-0.5.7.jar (org.cadixdev:lorenz:0.5.7) with MergeInstrumentationAnalysisTransform
Transforming bombe-0.3.4.jar (org.cadixdev:bombe:0.3.4) with InstrumentationAnalysisTransform
Transforming bombe-0.3.4.jar (org.cadixdev:bombe:0.3.4) with MergeInstrumentationAnalysisTransform
Transforming listenablefuture-9999.0-empty-to-avoid-conflict-with-guava.jar (com.google.guava:listenablefuture:9999.0-empty-to-avoid-conflict-with-guava) with ExternalDependencyInstrumentingArtifactTransform
Transforming jsr305-3.0.2.jar (com.google.code.findbugs:jsr305:3.0.2) with ExternalDependencyInstrumentingArtifactTransform
Transforming fabric-loom-native-0.2.0.jar (net.fabricmc:fabric-loom-native:0.2.0) with ExternalDependencyInstrumentingArtifactTransform
Transforming checker-qual-3.41.0.jar (org.checkerframework:checker-qual:3.41.0) with ExternalDependencyInstrumentingArtifactTransform
Transforming tiny-mappings-parser-0.3.0+build.17.jar (net.fabricmc:tiny-mappings-parser:0.3.0+build.17) with ExternalDependencyInstrumentingArtifactTransform
Transforming error_prone_annotations-2.23.0.jar (com.google.errorprone:error_prone_annotations:2.23.0) with ExternalDependencyInstrumentingArtifactTransform
Transforming lorenz-0.5.7.jar (org.cadixdev:lorenz:0.5.7) with ExternalDependencyInstrumentingArtifactTransform
Transforming lorenz-tiny-4.0.2.jar (net.fabricmc:lorenz-tiny:4.0.2) with ExternalDependencyInstrumentingArtifactTransform
Transforming bombe-0.3.4.jar (org.cadixdev:bombe:0.3.4) with ExternalDependencyInstrumentingArtifactTransform
Transforming at-0.1.0-rc1.jar (org.cadixdev:at:0.1.0-rc1) with ExternalDependencyInstrumentingArtifactTransform
Fabric Loom: 1.7.4
(kotlinx.metadata.jvm.KotlinClassMetadata) with version (0.9.0-1.9.21-40) was loaded from (/C:/Users/User/.gradle/caches/modules-2/files-2.1/org.jetbrains.kotlinx/kotlinx-metadata-jvm/0.9.0/123e86fd82d3a49afd0a41df1288a40c969f11b2/kotlinx-metadata-jvm-0.9.0.jar)
(org.objectweb.asm.ClassVisitor) with version (9.6) was loaded from (/C:/Users/User/.gradle/caches/modules-2/files-2.1/org.ow2.asm/asm/9.6/aa205cf0a06dbd8e04ece91c0b37c3f5d567546a/asm-9.6.jar)
(org.objectweb.asm.tree.analysis.Analyzer) with version (9.6) was loaded from (/C:/Users/User/.gradle/caches/modules-2/files-2.1/org.ow2.asm/asm-analysis/9.6/9ce6c7b174bd997fc2552dff47964546bd7a5ec3/asm-analysis-9.6.jar)
(org.objectweb.asm.commons.ClassRemapper) with version (9.6) was loaded from (/C:/Users/User/.gradle/caches/modules-2/files-2.1/org.ow2.asm/asm-commons/9.6/f1a9e5508eff490744144565c47326c8648be309/asm-commons-9.6.jar)
(org.objectweb.asm.tree.ClassNode) with version (9.6) was loaded from (/C:/Users/User/.gradle/caches/modules-2/files-2.1/org.ow2.asm/asm-tree/9.6/c0cdda9d211e965d2a4448aa3fd86110f2f8c2de/asm-tree-9.6.jar)
(org.objectweb.asm.util.ASMifier) with version (9.6) was loaded from (/C:/Users/User/.gradle/caches/modules-2/files-2.1/org.ow2.asm/asm-util/9.6/f77caf84eb93786a749b2baa40865b9613e3eaee/asm-util-9.6.jar)
(com.google.gson.Gson) with version (null) was loaded from (/C:/Users/User/.gradle/caches/modules-2/files-2.1/com.google.code.gson/gson/2.10.1/b3add478d4382b78ea20b1671390a858002feb6c/gson-2.10.1.jar)
(com.google.common.base.Preconditions) with version (null) was loaded from (/C:/Users/User/.gradle/caches/modules-2/files-2.1/com.google.guava/guava/33.0.0-jre/161ba27964a62f241533807a46b8711b13c1d94b/guava-33.0.0-jre.jar)
(org.apache.commons.io.FileUtils) with version (2.15.1) was loaded from (/C:/Users/User/.gradle/caches/modules-2/files-2.1/commons-io/commons-io/2.15.1/f11560da189ab563a5c8e351941415430e9304ea/commons-io-2.15.1.jar)
Creating new SharedServiceManager(1109433652)
Creating new SharedServiceManager(471066347)
Previous process has disowned the lock due to abrupt termination.
Found existing cache lock file (ACQUIRED_PREVIOUS_OWNER_DISOWNED), rebuilding loom cache. This may have been caused by a failed or canceled build.
:Extracting server jar from bootstrap
:merging jars
:extracting yarn-1.21.1+build.3-v2.jar
:merging mappings
:merged mappings in 344.7 ms
Resource missing. [HTTP GET: https://maven.fabricmc.net/eu/pb4/placeholder-api/2.5.0+1.21.1/placeholder-api-2.5.0+1.21.1.pom]
Resource missing. [HTTP GET: https://libraries.minecraft.net/eu/pb4/placeholder-api/2.5.0+1.21.1/placeholder-api-2.5.0+1.21.1.pom]
Resource missing. [HTTP HEAD: https://libraries.minecraft.net/eu/pb4/placeholder-api/2.5.0+1.21.1/placeholder-api-2.5.0+1.21.1.jar]
Resource missing. [HTTP HEAD: https://repo.maven.apache.org/maven2/eu/pb4/placeholder-api/2.5.0+1.21.1/placeholder-api-2.5.0+1.21.1.jar]
Resource missing. [HTTP GET: https://repo.maven.apache.org/maven2/eu/pb4/placeholder-api/2.5.0+1.21.1/placeholder-api-2.5.0+1.21.1.pom]
Resource missing. [HTTP GET: https://maven.nucleoid.xyz/eu/pb4/placeholder-api/2.5.0+1.21.1/placeholder-api-2.5.0+1.21.1.pom]
Resource missing. [HTTP GET: https://repo.spongepowered.org/repository/maven-public/eu/pb4/placeholder-api/2.5.0+1.21.1/placeholder-api-2.5.0+1.21.1.pom]
Resource missing. [HTTP GET: https://maven.fabricmc.net/eu/pb4/polymer-core/0.9.23+1.21.1/polymer-core-0.9.23+1.21.1.pom]
Resource missing. [HTTP GET: https://libraries.minecraft.net/eu/pb4/polymer-core/0.9.23+1.21.1/polymer-core-0.9.23+1.21.1.pom]
Resource missing. [HTTP HEAD: https://libraries.minecraft.net/eu/pb4/polymer-core/0.9.23+1.21.1/polymer-core-0.9.23+1.21.1.jar]
Resource missing. [HTTP HEAD: https://repo.maven.apache.org/maven2/eu/pb4/polymer-core/0.9.23+1.21.1/polymer-core-0.9.23+1.21.1.jar]
Resource missing. [HTTP GET: https://repo.maven.apache.org/maven2/eu/pb4/polymer-core/0.9.23+1.21.1/polymer-core-0.9.23+1.21.1.pom]
Resource missing. [HTTP GET: https://maven.nucleoid.xyz/eu/pb4/polymer-core/0.9.23+1.21.1/polymer-core-0.9.23+1.21.1.pom]
Resource missing. [HTTP GET: https://repo.spongepowered.org/repository/maven-public/eu/pb4/polymer-core/0.9.23+1.21.1/polymer-core-0.9.23+1.21.1.pom]
Closing SharedServiceManager(471066347)
./gradlew : 
строка:1 знак:1
+ ./gradlew clean build --info > build_output.txt 2>&1
+ ~~~~~~~~~~~~~~~~~~~~~~~~~~~~~~~~~~~~~~~~~~~~~~~~~~~~
    + CategoryInfo          : NotSpecified: (:String) [], RemoteException
    + FullyQualifiedErrorId : NativeCommandError
 
FAILURE: Build failed with an exception.

* What went wrong:
A problem occurred configuring root project 'unknownmod'.
> Could not resolve all files for configuration ':modImplementation'.
   > Could not find eu.pb4:placeholder-api:2.5.0+1.21.1.
     Searched in the following locations:
       - file:/C:/Artem/java/UnknownMod/.gradle/loom-cache/remapped_mods/eu/pb4/placeh
older-api/2.5.0+1.21.1/placeholder-api-2.5.0+1.21.1.pom
       - file:/C:/Users/User/.gradle/caches/fabric-loom/minecraftMaven/eu/pb4/placehol
der-api/2.5.0+1.21.1/placeholder-api-2.5.0+1.21.1.pom
       - file:/C:/Artem/java/UnknownMod/.gradle/loom-cache/minecraftMaven/eu/pb4/place
holder-api/2.5.0+1.21.1/placeholder-api-2.5.0+1.21.1.pom
       - https://maven.fabricmc.net/eu/pb4/placeholder-api/2.5.0+1.21.1/placeholder-ap
i-2.5.0+1.21.1.pom
       - https://libraries.minecraft.net/eu/pb4/placeholder-api/2.5.0+1.21.1/placehold
er-api-2.5.0+1.21.1.pom
       - https://libraries.minecraft.net/eu/pb4/placeholder-api/2.5.0+1.21.1/placehold
er-api-2.5.0+1.21.1.jar
       - https://repo.maven.apache.org/maven2/eu/pb4/placeholder-api/2.5.0+1.21.1/plac
eholder-api-2.5.0+1.21.1.jar
       - https://repo.maven.apache.org/maven2/eu/pb4/placeholder-api/2.5.0+1.21.1/plac
eholder-api-2.5.0+1.21.1.pom
       - https://maven.nucleoid.xyz/eu/pb4/placeholder-api/2.5.0+1.21.1/placeholder-ap
i-2.5.0+1.21.1.pom
       - https://repo.spongepowered.org/repository/maven-public/eu/pb4/placeholder-api
/2.5.0+1.21.1/placeholder-api-2.5.0+1.21.1.pom
     Required by:
         project :
   > Could not find eu.pb4:polymer-core:0.9.23+1.21.1.
     Searched in the following locations:
       - file:/C:/Artem/java/UnknownMod/.gradle/loom-cache/remapped_mods/eu/pb4/polyme
r-core/0.9.23+1.21.1/polymer-core-0.9.23+1.21.1.pom
       - file:/C:/Users/User/.gradle/caches/fabric-loom/minecraftMaven/eu/pb4/polymer-
core/0.9.23+1.21.1/polymer-core-0.9.23+1.21.1.pom
       - file:/C:/Artem/java/UnknownMod/.gradle/loom-cache/minecraftMaven/eu/pb4/polym
er-core/0.9.23+1.21.1/polymer-core-0.9.23+1.21.1.pom
       - https://maven.fabricmc.net/eu/pb4/polymer-core/0.9.23+1.21.1/polymer-core-0.9
.23+1.21.1.pom
       - https://libraries.minecraft.net/eu/pb4/polymer-core/0.9.23+1.21.1/polymer-cor
e-0.9.23+1.21.1.pom
       - https://libraries.minecraft.net/eu/pb4/polymer-core/0.9.23+1.21.1/polymer-cor
e-0.9.23+1.21.1.jar
       - https://repo.maven.apache.org/maven2/eu/pb4/polymer-core/0.9.23+1.21.1/polyme
r-core-0.9.23+1.21.1.jar
       - https://repo.maven.apache.org/maven2/eu/pb4/polymer-core/0.9.23+1.21.1/polyme
r-core-0.9.23+1.21.1.pom
       - https://maven.nucleoid.xyz/eu/pb4/polymer-core/0.9.23+1.21.1/polymer-core-0.9
.23+1.21.1.pom
       - https://repo.spongepowered.org/repository/maven-public/eu/pb4/polymer-core/0.
9.23+1.21.1/polymer-core-0.9.23+1.21.1.pom
     Required by:
         project :

* Try:
> Run with --stacktrace option to get the stack trace.
> Run with --debug option to get more log output.
> Run with --scan to get full insights.
> Get more help at https://help.gradle.org.

BUILD FAILED in 18s
Watched directory hierarchies: [C:\Artem\java\UnknownMod]
